{"family": "sum", "arm": "inherited", "replicate": 0, "complete": true, "solves": 47, "seconds": 69.03469124995172}
{"family": "sum", "arm": "broken", "replicate": 0, "complete": true, "solves": 17, "seconds": 217.06463141704444}
{"family": "max", "arm": "broken", "replicate": 0, "complete": true, "solves": 6, "seconds": 229.29420854197815}
{"family": "max", "arm": "inherited", "replicate": 0, "complete": true, "solves": 7, "seconds": 238.56611129199155}
{"task": "sum1", "arm": "hand", "replicate": 900003, "complete": true, "event": true, "seconds": 0.21144620794802904}
{"task": "sum1", "arm": "hand", "replicate": 900002, "complete": true, "event": true, "seconds": 0.42838795797433704}
{"task": "sum1", "arm": "fit", "replicate": 900003, "complete": true, "event": true, "seconds": 0.254729124950245}
{"task": "sum1", "arm": "fit", "replicate": 900000, "complete": true, "event": true, "seconds": 0.6928948749555275}
{"task": "sum1", "arm": "fit", "replicate": 900002, "complete": true, "event": true, "seconds": 0.5559799169423059}
{"task": "sum1", "arm": "hand", "replicate": 900001, "complete": true, "event": true, "seconds": 1.0339363330276683}
{"task": "sum1", "arm": "uniform", "replicate": 900003, "complete": true, "event": true, "seconds": 1.1008866669144481}
{"task": "sum1", "arm": "timing_inherited", "replicate": 900001, "complete": true, "event": true, "seconds": 0.4290553330210969}
{"task": "sum1", "arm": "timing_inherited", "replicate": 900000, "complete": true, "event": true, "seconds": 0.8924159590387717}
{"task": "sum1", "arm": "fit", "replicate": 900001, "complete": true, "event": true, "seconds": 1.7610250830184668}
{"task": "sum1", "arm": "hand", "replicate": 900000, "complete": true, "event": true, "seconds": 2.1879862500354648}
{"task": "sum1", "arm": "uniform", "replicate": 900002, "complete": true, "event": true, "seconds": 2.3419080830644816}
{"task": "sum1", "arm": "timing_inherited", "replicate": 900002, "complete": true, "event": true, "seconds": 2.134029582957737}
{"task": "sum1", "arm": "timing_broken", "replicate": 900000, "complete": true, "event": true, "seconds": 2.228516708011739}
{"task": "sum5", "arm": "uniform", "replicate": 900001, "complete": true, "event": true, "seconds": 1.11354491696693}
{"task": "sum5", "arm": "uniform", "replicate": 900000, "complete": true, "event": true, "seconds": 1.2702295409981161}
{"task": "sum5", "arm": "hand", "replicate": 900000, "complete": true, "event": true, "seconds": 0.21505562495440245}
{"task": "sum1", "arm": "timing_inherited", "replicate": 900003, "complete": true, "event": true, "seconds": 2.7108254169579595}
{"task": "sum5", "arm": "hand", "replicate": 900001, "complete": true, "event": true, "seconds": 0.3461113750236109}
{"task": "sum5", "arm": "hand", "replicate": 900002, "complete": true, "event": true, "seconds": 0.6042556250467896}
{"task": "sum5", "arm": "hand", "replicate": 900003, "complete": true, "event": true, "seconds": 0.6225212919525802}
{"task": "sum5", "arm": "fit", "replicate": 900000, "complete": true, "event": true, "seconds": 0.8091580839827657}
{"task": "sum5", "arm": "fit", "replicate": 900002, "complete": true, "event": true, "seconds": 0.24340024997945875}
{"task": "sum5", "arm": "fit", "replicate": 900001, "complete": true, "event": true, "seconds": 0.3621240420034155}
{"task": "sum5", "arm": "uniform", "replicate": 900002, "complete": true, "event": true, "seconds": 1.911304916953668}
{"task": "sum1", "arm": "uniform", "replicate": 900001, "complete": true, "event": true, "seconds": 4.975785459042527}
{"task": "sum5", "arm": "fit", "replicate": 900003, "complete": true, "event": true, "seconds": 0.532020500046201}
{"task": "sum5", "arm": "timing_inherited", "replicate": 900001, "complete": true, "event": true, "seconds": 0.9461942500201985}
{"task": "sum5", "arm": "timing_inherited", "replicate": 900003, "complete": true, "event": true, "seconds": 1.087266082991846}
{"task": "sum5", "arm": "timing_inherited", "replicate": 900002, "complete": true, "event": true, "seconds": 1.2657613749615848}
{"task": "sum5", "arm": "uniform", "replicate": 900003, "complete": true, "event": true, "seconds": 5.1634499171050265}
{"task": "sum1", "arm": "uniform", "replicate": 900000, "complete": true, "event": true, "seconds": 8.599769792053849}
{"task": "max1", "arm": "uniform", "replicate": 900000, "complete": true, "event": true, "seconds": 0.6102805839618668}
{"task": "sum5", "arm": "timing_inherited", "replicate": 900000, "complete": true, "event": true, "seconds": 4.5215622500982136}
{"task": "sum5", "arm": "timing_broken", "replicate": 900000, "complete": true, "event": true, "seconds": 4.032083458034322}
{"task": "max1", "arm": "hand", "replicate": 900000, "complete": true, "event": true, "seconds": 0.4840578750008717}
{"task": "sum1", "arm": "timing_broken", "replicate": 900002, "complete": true, "event": true, "seconds": 8.312849874957465}
{"task": "sum1", "arm": "timing_broken", "replicate": 900001, "complete": true, "event": true, "seconds": 8.767155250068754}
{"task": "max1", "arm": "hand", "replicate": 900002, "complete": true, "event": true, "seconds": 0.29311375005636364}
{"task": "max1", "arm": "hand", "replicate": 900001, "complete": true, "event": true, "seconds": 0.563088082941249}
{"task": "max1", "arm": "fit", "replicate": 900001, "complete": true, "event": true, "seconds": 0.44157345895655453}
{"task": "max1", "arm": "fit", "replicate": 900000, "complete": true, "event": true, "seconds": 0.9215504169696942}
{"task": "sum5", "arm": "timing_broken", "replicate": 900002, "complete": true, "event": true, "seconds": 5.341220999951474}
{"task": "sum5", "arm": "timing_broken", "replicate": 900001, "complete": true, "event": true, "seconds": 5.918657250003889}
{"task": "max1", "arm": "fit", "replicate": 900003, "complete": true, "event": true, "seconds": 0.9253202909603715}
{"task": "max1", "arm": "fit", "replicate": 900002, "complete": true, "event": true, "seconds": 1.6975985410390422}
{"task": "max1", "arm": "uniform", "replicate": 900002, "complete": true, "event": true, "seconds": 4.600013833958656}
{"task": "sum1", "arm": "timing_broken", "replicate": 900003, "complete": true, "event": true, "seconds": 12.892913250019774}
{"task": "sum5", "arm": "timing_broken", "replicate": 900003, "complete": true, "event": false, "seconds": 8.657000249950215}
{"task": "max1", "arm": "timing_inherited", "replicate": 900001, "complete": true, "event": false, "seconds": 10.47640162508469}
{"task": "max1", "arm": "timing_inherited", "replicate": 900000, "complete": true, "event": false, "seconds": 10.74017654103227}
{"task": "max1", "arm": "timing_inherited", "replicate": 900002, "complete": true, "event": false, "seconds": 10.74188270792365}
{"task": "max1", "arm": "timing_inherited", "replicate": 900003, "complete": true, "event": false, "seconds": 10.680537041975185}
{"task": "max1", "arm": "timing_broken", "replicate": 900000, "complete": true, "event": false, "seconds": 9.832018250017427}
{"task": "max1", "arm": "timing_broken", "replicate": 900002, "complete": true, "event": false, "seconds": 9.793875999981537}
{"task": "max5", "arm": "hand", "replicate": 900000, "complete": true, "event": true, "seconds": 0.741911125020124}
{"task": "max1", "arm": "hand", "replicate": 900003, "complete": true, "event": true, "seconds": 17.355729207978584}
{"task": "max1", "arm": "timing_broken", "replicate": 900001, "complete": true, "event": false, "seconds": 13.038042291998863}
{"task": "max5", "arm": "hand", "replicate": 900001, "complete": true, "event": true, "seconds": 2.4577708329306915}
{"task": "max5", "arm": "hand", "replicate": 900002, "complete": true, "event": true, "seconds": 1.074484167038463}
{"task": "max5", "arm": "fit", "replicate": 900001, "complete": true, "event": true, "seconds": 0.4603845829842612}
{"task": "max5", "arm": "hand", "replicate": 900003, "complete": true, "event": true, "seconds": 1.4841521249618381}
{"task": "max5", "arm": "fit", "replicate": 900000, "complete": true, "event": true, "seconds": 1.5323859159834683}
{"task": "max5", "arm": "uniform", "replicate": 900002, "complete": true, "event": true, "seconds": 6.542545042000711}
{"task": "max5", "arm": "fit", "replicate": 900003, "complete": true, "event": true, "seconds": 0.9920551249524578}
{"task": "max5", "arm": "fit", "replicate": 900002, "complete": true, "event": true, "seconds": 1.500978916999884}
{"task": "max5", "arm": "uniform", "replicate": 900000, "complete": true, "event": false, "seconds": 10.598590041976422}
{"task": "max1", "arm": "timing_broken", "replicate": 900003, "complete": true, "event": false, "seconds": 10.886635457980447}
{"task": "max5", "arm": "uniform", "replicate": 900001, "complete": true, "event": false, "seconds": 10.818512792000547}
{"task": "max5", "arm": "uniform", "replicate": 900003, "complete": true, "event": false, "seconds": 10.571170666022226}
{"task": "max5", "arm": "timing_inherited", "replicate": 900000, "complete": true, "event": false, "seconds": 11.202860667021014}
{"task": "max5", "arm": "timing_inherited", "replicate": 900001, "complete": true, "event": false, "seconds": 11.082817040965892}
{"task": "max5", "arm": "timing_inherited", "replicate": 900003, "complete": true, "event": false, "seconds": 10.608251125086099}
{"task": "max5", "arm": "timing_inherited", "replicate": 900002, "complete": true, "event": false, "seconds": 10.867186666931957}
{"task": "max5", "arm": "timing_broken", "replicate": 900000, "complete": true, "event": false, "seconds": 9.597358500002883}
{"task": "max5", "arm": "timing_broken", "replicate": 900001, "complete": true, "event": false, "seconds": 9.527320833993144}
{"task": "max5", "arm": "timing_broken", "replicate": 900002, "complete": true, "event": false, "seconds": 9.325586042017676}
{"task": "max5", "arm": "timing_broken", "replicate": 900003, "complete": true, "event": false, "seconds": 8.956425291951746}
{"task": "max1", "arm": "uniform", "replicate": 900003, "complete": true, "event": true, "seconds": 45.81564675003756}
{"task": "max1", "arm": "uniform", "replicate": 900001, "complete": true, "event": false, "seconds": 170.63480470795184}
