{"depth": 1, "t": 0.0, "rss_gb": 0.03, "states": 8, "survivors": 36}
{"depth": 2, "t": 0.0, "rss_gb": 0.03, "states": 59, "survivors": 33}
{"depth": 3, "t": 0.0, "rss_gb": 0.03, "states": 460, "survivors": 33}
{"depth": 4, "t": 0.0, "rss_gb": 0.03, "states": 3615, "survivors": 33}
{"depth": 5, "t": 0.0, "rss_gb": 0.04, "states": 28580, "survivors": 18}
{"depth": 6, "t": 0.3, "rss_gb": 0.11, "states": 226078, "survivors": 18}
{"depth": 7, "t": 2.2, "rss_gb": 0.64, "states": 1789727, "survivors": 18}
{"depth": 8, "t": 19.9, "rss_gb": 4.77, "states": 14172986, "survivors": 18}
{"depth": 9, "t": 114.2, "rss_gb": 5.12, "states": 0, "survivors": 13}
PA:(F?m:M)+S 0.639 True [] [1, 5, 1, 18, 1, 22, 9, 17, 7]
BE:F?m:(S+M) 0.647 True [] [1, 5, 1, 18, 7, 1, 22, 9, 17]
PA:(F?m:S)+M 0.658 True [] [1, 5, 1, 22, 9, 17, 1, 18, 7]
PA:(S?m:M)+F 0.663 True [] [1, 23, 9, 1, 22, 1, 5, 17, 7]
BE:S?m:(M+F) 0.706 True [] [1, 18, 2, 1, 5, 17, 1, 23, 7]
BE:S?F:(M+m) 0.718 True [] [1, 18, 1, 22, 2, 1, 5, 17, 7]
PA:(F?S:m)+M 0.73 True [] [1, 18, 1, 22, 1, 5, 9, 17, 7]
BE:S?M:(m+F) 0.736 True [] [1, 22, 1, 23, 7, 16, 1, 5, 17]
PA:(S?M:m)+F 0.736 True [] [1, 22, 16, 1, 5, 17, 1, 23, 7]
PA:(F?S:M)+m 0.737 True [] [1, 18, 1, 5, 9, 17, 1, 22, 7]
PA:(S?M:F)+m 0.757 True [] [1, 22, 1, 23, 1, 18, 9, 17, 7]
PA:(S?m:F)+M 0.759 True [] [1, 18, 1, 23, 1, 22, 9, 17, 7]
BE:F?S:(M+m) 0.771 True [] [1, 18, 1, 22, 7, 1, 5, 9, 17]
PA:(S?F:M)+m 0.839 False [] [1, 18, 1, 23, 9, 17, 1, 22, 7]
PA:(S?F:m)+M 0.841 False [] [1, 18, 1, 22, 1, 23, 9, 17, 7]
PA:(M?F:S)+m 0.85 False [] [1, 22, 9, 1, 23, 1, 18, 17, 7]
PA:(M?m:S)+F 0.855 False [] [1, 22, 9, 1, 23, 1, 18, 17, 7]
BE:F?M:(S+m) 0.857 False [] [1, 5, 1, 22, 7, 1, 23, 9, 17]
PA:(F?M:S)+m 0.857 False [] [1, 5, 1, 23, 9, 17, 1, 22, 7]
PA:(F?M:m)+S 0.857 False [] [1, 5, 1, 22, 1, 23, 9, 17, 7]
BE:M?S:(m+F) 0.906 False [] [1, 22, 9, 7, 1, 5, 1, 18, 17]
BE:M?m:(S+F) 0.906 False [] [1, 5, 2, 1, 18, 17, 1, 22, 7]
BE:M?F:(S+m) 0.906 False [] [1, 5, 2, 1, 18, 17, 1, 23, 7]
PA:(M?S:m)+F 0.906 False [] [1, 23, 9, 1, 5, 1, 18, 17, 7]
PA:(M?S:F)+m 0.906 False [] [1, 22, 9, 1, 5, 1, 18, 17, 7]
PA:(M?m:F)+S 0.906 False [] [1, 5, 1, 22, 7]
PA:(M?F:m)+S 0.906 False [] [1, 5, 1, 23, 7]
PA:(m?S:F)+M 0.911 False [] [1, 18, 1, 23, 16, 1, 22, 17, 7]
PA:(m?S:M)+F 0.917 False [] [1, 18, 1, 23, 16, 1, 22, 17, 7]
BE:m?S:(M+F) 0.924 False [] [1, 18, 1, 23, 16, 1, 22, 17, 7]
BE:m?F:(S+M) 0.947 False [] [1, 5, 1, 18, 7, 1, 22, 9, 17]
PA:(m?F:S)+M 0.947 False [] [1, 5, 1, 22, 9, 17, 1, 18, 7]
PA:(m?F:M)+S 0.947 False [] [1, 5, 1, 18, 7]
BE:m?M:(S+F) 0.952 False [] [1, 5, 1, 23, 7, 16, 1, 22, 17]
PA:(m?M:S)+F 0.952 False [] [1, 5, 16, 1, 22, 17, 1, 23, 7]
PA:(m?M:F)+S 0.952 False [] [1, 5, 1, 23, 16, 1, 22, 17, 7]
