{"depth": 1, "t": 0.0, "rss_gb": 0.03, "states": 8, "survivors": 36}
{"depth": 2, "t": 0.0, "rss_gb": 0.03, "states": 59, "survivors": 33}
{"depth": 3, "t": 0.0, "rss_gb": 0.03, "states": 460, "survivors": 33}
{"depth": 4, "t": 0.0, "rss_gb": 0.03, "states": 3609, "survivors": 33}
{"depth": 5, "t": 0.0, "rss_gb": 0.04, "states": 28478, "survivors": 18}
{"depth": 6, "t": 0.3, "rss_gb": 0.1, "states": 224830, "survivors": 18}
{"depth": 7, "t": 2.3, "rss_gb": 0.6, "states": 1776054, "survivors": 18}
{"depth": 8, "t": 21.4, "rss_gb": 3.69, "states": 14034188, "survivors": 18}
{"depth": 9, "t": 117.0, "rss_gb": 4.01, "states": 0, "survivors": 10}
BE:F?m:(S+M) 0.693 True [] [1, 5, 15, 7, 1, 22, 1, 23, 17]
PA:(F?m:M)+S 0.693 True [] [1, 5, 15, 1, 22, 1, 23, 17, 7]
PA:(S?m:M)+F 0.701 True [] [1, 18, 1, 23, 7, 2, 1, 5, 17]
BE:S?m:(M+F) 0.707 True [] [1, 18, 2, 1, 5, 17, 1, 23, 7]
PA:(F?S:m)+M 0.717 True [] [1, 18, 1, 22, 1, 5, 9, 17, 7]
PA:(S?m:F)+M 0.741 True [] [1, 18, 1, 23, 7, 3, 1, 5, 17]
BE:S?F:(M+m) 0.744 True [] [1, 18, 1, 22, 2, 1, 5, 17, 7]
PA:(F?S:M)+m 0.746 True [] [1, 18, 1, 5, 9, 17, 1, 22, 7]
PA:(F?m:S)+M 0.766 True [] [1, 5, 1, 18, 7, 2, 1, 23, 17]
BE:F?S:(M+m) 0.773 True [] [1, 18, 1, 22, 7, 1, 5, 9, 17]
PA:(S?F:m)+M 0.811 False [] [1, 18, 1, 22, 1, 23, 9, 17, 7]
PA:(S?F:M)+m 0.813 False [] [1, 18, 1, 23, 9, 17, 1, 22, 7]
PA:(M?F:S)+m 0.885 False [] [1, 22, 9, 1, 23, 1, 18, 17, 7]
PA:(M?m:S)+F 0.894 False [] [1, 22, 9, 1, 23, 1, 18, 17, 7]
BE:F?M:(S+m) 0.902 False [] [1, 5, 1, 22, 7, 1, 23, 9, 17]
PA:(F?M:S)+m 0.902 False [] [1, 5, 1, 23, 9, 17, 1, 22, 7]
PA:(F?M:m)+S 0.902 False [] [1, 5, 1, 22, 1, 23, 9, 17, 7]
BE:M?S:(m+F) 0.928 False [] [1, 22, 9, 7, 1, 5, 1, 18, 17]
BE:M?m:(S+F) 0.928 False [] [1, 5, 2, 1, 18, 17, 1, 22, 7]
BE:M?F:(S+m) 0.928 False [] [1, 5, 2, 1, 18, 17, 1, 23, 7]
PA:(M?S:m)+F 0.928 False [] [1, 23, 9, 1, 5, 1, 18, 17, 7]
PA:(M?S:F)+m 0.928 False [] [1, 22, 9, 1, 5, 1, 18, 17, 7]
PA:(M?m:F)+S 0.928 False [] [1, 5, 1, 22, 7]
PA:(M?F:m)+S 0.928 False [] [1, 5, 1, 23, 7]
BE:S?M:(m+F) 0.944 False [] [1, 22, 1, 23, 7, 15, 1, 5, 17]
PA:(S?M:m)+F 0.944 False [] [1, 22, 15, 1, 5, 17, 1, 23, 7]
PA:(S?M:F)+m 0.944 False [] [1, 22, 1, 23, 15, 1, 5, 17, 7]
PA:(m?S:M)+F 0.981 False [] [1, 18, 1, 23, 16, 1, 22, 17, 7]
PA:(m?S:F)+M 0.981 False [] [1, 18, 1, 23, 16, 1, 22, 17, 7]
BE:m?S:(M+F) 0.984 False [] [1, 18, 16, 1, 22, 17, 1, 23, 7]
BE:m?F:(S+M) 0.989 False [] [1, 5, 1, 18, 7, 1, 22, 9, 17]
PA:(m?F:S)+M 0.989 False [] [1, 5, 1, 22, 9, 17, 1, 18, 7]
PA:(m?F:M)+S 0.989 False [] [1, 5, 1, 18, 7]
BE:m?M:(S+F) 0.998 False [] [1, 5, 1, 23, 7, 15, 1, 22, 17]
PA:(m?M:S)+F 0.998 False [] [1, 5, 15, 1, 22, 17, 1, 23, 7]
PA:(m?M:F)+S 0.998 False [] [1, 5, 1, 23, 15, 1, 22, 17, 7]
